// Jest Snapshot v1, https://goo.gl/fbAQLP

exports[`App component should render app with error 1`] = `
<DocumentFragment>
  <div
    class="App"
  >
    <div>
      Hello World!
    </div>
  </div>
</DocumentFragment>
`;
